
Carolina@profecaro MINGW64 ~/OneDrive/Desktop/Curso_git (master)
$ git status
On branch master

No commits yet

Untracked files:
  (use "git add <file>..." to include in what will be committed)
        index.html.txt

nothing added to commit but untracked files present (use "git add" to

Carolina@profecaro MINGW64 ~/OneDrive/Desktop/Curso_git (master)
$ git add index.html
fatal: pathspec 'index.html' did not match any files

Carolina@profecaro MINGW64 ~/OneDrive/Desktop/Curso_git (master)
$ git add .

Carolina@profecaro MINGW64 ~/OneDrive/Desktop/Curso_git (master)
$ git status
On branch master

No commits yet

Changes to be committed:
  (use "git rm --cached <file>..." to unstage)
        new file:   contacot.html.txt
        new file:   index.html.txt


Carolina@profecaro MINGW64 ~/OneDrive/Desktop/Curso_git (master)
$ git commit -m "sólo cree los archivos  contacot.html e index.html"
[master (root-commit) f5dfaf9] sólo cree los archivos  contacot.html l
 2 files changed, 0 insertions(+), 0 deletions(-)
 create mode 100644 contacot.html.txt
 create mode 100644 index.html.txt

Carolina@profecaro MINGW64 ~/OneDrive/Desktop/Curso_git (master)
$ git status
On branch master
Changes not staged for commit:
  (use "git add/rm <file>..." to update what will be committed)
  (use "git restore <file>..." to discard changes in working director
        deleted:    contacot.html.txt
        deleted:    index.html.txt

Untracked files:
  (use "git add <file>..." to include in what will be committed)
        contacot.html
        index.html

no changes added to commit (use "git add" and/or "git commit -a")

Carolina@profecaro MINGW64 ~/OneDrive/Desktop/Curso_git (master)
$ git add .

Carolina@profecaro MINGW64 ~/OneDrive/Desktop/Curso_git (master)
$ git commit -m "Creé el mensaje HOLA MUNDO en el archivo index"
[master df0c0c2] Creé el mensaje HOLA MUNDO en el archivo index
 3 files changed, 1 insertion(+)
 rename contacot.html.txt => contacot.html (100%)
 create mode 100644 index.html
 delete mode 100644 index.html.txt

Carolina@profecaro MINGW64 ~/OneDrive/Desktop/Curso_git (master)
$ git log
commit df0c0c204ec475fae85098ca6784df11a4d8348a (HEAD -> master)
Author: profe_caro <socarol0510@gmail.com>
Date:   Mon Feb 2 20:52:42 2026 -0300

    Creé el mensaje HOLA MUNDO en el archivo index

commit f5dfaf993e3399a5282bac6346f18e0efc3ed43c
Author: profe_caro <socarol0510@gmail.com>
Date:   Mon Feb 2 20:47:21 2026 -0300

    sólo cree los archivos  contacot.html e index.html

Carolina@profecaro MINGW64 ~/OneDrive/Desktop/Curso_git (master)
$


















borrar cambios

caso 1: antes del add 

caso 2: después del add sin commit 

caso 3: después del add con commit 


cambiar rama
git switch develop 

mergear los cambios de una rama a otra rama 

tengo que estar parada en la rama donde quiero guardar los cambios 

git merge develop_prueba




git push -u origin develop
